Ôû▓ Next.js 16.2.10 (Turbopack)
- Experiments (use with caution):
  ┬À optimizePackageImports

  Creating an optimized production build ...
node.exe : 
Au caractère Ligne:1 : 1
+ & "C:\Program Files\nodejs/node.exe" "C:\Users\NJI-NJI\AppData\Roamin ...
+ ~~~~~~~~~~~~~~~~~~~~~~~~~~~~~~~~~~~~~~~~~~~~~~~~~~~~~~~~~~~~~~~~~~~~~
    + CategoryInfo          : NotSpecified: (:String) [], RemoteException
    + FullyQualifiedErrorId : NativeCommandError
 
> Build error occurred
Error: Turbopack build failed with 21 errors:
./src/app/a-credit/layout.tsx:1:1
Unexpected character '\0'
[31m[1m>[0m [90m1 |[0m                                                                                            
                                                                                                                       
                                                                                                                       
                                                                                                                       
                            
  [90m  |[0m [31m[1m^[0m

Parsing ecmascript source code failed


./src/app/a-propos/layout.tsx:1:1
Unexpected character '\0'
[31m[1m>[0m [90m1 |[0m                                                                                            
                                                                                                                       
                                                                                                                       
                                                                                                
  [90m  |[0m [31m[1m^[0m

Parsing ecmascript source code failed


./src/app/admin/layout.tsx:1:1
Unexpected character '\0'
[31m[1m>[0m [90m1 |[0m                                                                                            
                                                                                                                       
                                                                                                                       
                                                                                                                       
                                 
  [90m  |[0m [31m[1m^[0m

Parsing ecmascript source code failed


./src/app/blog/layout.tsx:1:1
Unexpected character '\0'
[31m[1m>[0m [90m1 |[0m                                                                                            
                                                                                                                       
                                                                                                                       
                                                                                             
  [90m  |[0m [31m[1m^[0m

Parsing ecmascript source code failed


./src/app/cgu/layout.tsx:1:1
Unexpected character '\0'
[31m[1m>[0m [90m1 |[0m                                                                                            
                                                                                                                       
                                                                                                                       
                                                                                                                       
              
  [90m  |[0m [31m[1m^[0m

Parsing ecmascript source code failed


./src/app/checkout/layout.tsx:1:1
Unexpected character '\0'
[31m[1m>[0m [90m1 |[0m                                                                                            
                                                                                                                       
                                                                                                                       
                                                                            
  [90m  |[0m [31m[1m^[0m

Parsing ecmascript source code failed


./src/app/comparateur/layout.tsx:1:1
Unexpected character '\0'
[31m[1m>[0m [90m1 |[0m                                                                                            
                                                                                                                       
                                                                                                                       
                                                                                                         
  [90m  |[0m [31m[1m^[0m

Parsing ecmascript source code failed


./src/app/compte/layout.tsx:1:1
Unexpected character '\0'
[31m[1m>[0m [90m1 |[0m                                                                                            
                                                                                                                       
                                                                                                                       
                                                                     
  [90m  |[0m [31m[1m^[0m

Parsing ecmascript source code failed


./src/app/confidentialite/layout.tsx:1:1
Unexpected character '\0'
[31m[1m>[0m [90m1 |[0m                                                                                            
                                                                                                                       
                                                                                                                       
                                                                                                                     
  [90m  |[0m [31m[1m^[0m

Parsing ecmascript source code failed


./src/app/connexion/layout.tsx:1:1
Unexpected character '\0'
[31m[1m>[0m [90m1 |[0m                                                                                            
                                                                                                                       
                                                                                                                       
                                                                             
  [90m  |[0m [31m[1m^[0m

Parsing ecmascript source code failed


./src/app/contact/layout.tsx:1:1
Unexpected character '\0'
[31m[1m>[0m [90m1 |[0m                                                                                            
                                                                                                                       
                                                                                                                       
                                                                                         
  [90m  |[0m [31m[1m^[0m

Parsing ecmascript source code failed


./src/app/faq/layout.tsx:1:1
Unexpected character '\0'
[31m[1m>[0m [90m1 |[0m                                                                                            
                                                                                                                       
                                                                                                                       
                                                                                                     
  [90m  |[0m [31m[1m^[0m

Parsing ecmascript source code failed


./src/app/inscription/layout.tsx:1:1
Unexpected character '\0'
[31m[1m>[0m [90m1 |[0m                                                                                            
                                                                                                                       
                                                                                                                       
                                                                                        
  [90m  |[0m [31m[1m^[0m

Parsing ecmascript source code failed


./src/app/livraison/layout.tsx:1:1
Unexpected character '\0'
[31m[1m>[0m [90m1 |[0m                                                                                            
                                                                                                                       
                                                                                                                       
                                                                          
  [90m  |[0m [31m[1m^[0m

Parsing ecmascript source code failed


./src/app/marques/layout.tsx:1:1
Unexpected character '\0'
[31m[1m>[0m [90m1 |[0m                                                                                            
                                                                                                                       
                                                                                                                       
                                                                                   
  [90m  |[0m [31m[1m^[0m

Parsing ecmascript source code failed


./src/app/notifications/layout.tsx:1:1
Unexpected character '\0'
[31m[1m>[0m [90m1 |[0m                                                                                            
                                                                                                                       
                                                                                                                       
                                                                            
  [90m  |[0m [31m[1m^[0m

Parsing ecmascript source code failed


./src/app/nouveautes/layout.tsx:1:1
Unexpected character '\0'
[31m[1m>[0m [90m1 |[0m                                                                                            
                                                                                                                       
                                                                                                                       
                                                                                                           
  [90m  |[0m [31m[1m^[0m

Parsing ecmascript source code failed


./src/app/panier/layout.tsx:1:1
Unexpected character '\0'
[31m[1m>[0m [90m1 |[0m                                                                                            
                                                                                                                       
                                                                                                                       
                                         
  [90m  |[0m [31m[1m^[0m

Parsing ecmascript source code failed


./src/app/produits/layout.tsx:1:1
Unexpected character '\0'
[31m[1m>[0m [90m1 |[0m                                                                                            
                                                                                                                       
                                                                                                                       
                                                                                                                       
  
  [90m  |[0m [31m[1m^[0m

Parsing ecmascript source code failed


./src/app/promotions/layout.tsx:1:1
Unexpected character '\0'
[31m[1m>[0m [90m1 |[0m                                                                                            
                                                                                                                       
                                                                                                                       
                                                                                                              
  [90m  |[0m [31m[1m^[0m

Parsing ecmascript source code failed


./src/app/vendeur/layout.tsx:1:1
Unexpected character '\0'
[31m[1m>[0m [90m1 |[0m                                                                                            
                                                                                                                       
                                                                                                                       
                                                                                                                   
  [90m  |[0m [31m[1m^[0m

Parsing ecmascript source code failed


    at <unknown> (./src/app/a-credit/layout.tsx:1:1)
    at <unknown> (./src/app/a-propos/layout.tsx:1:1)
    at <unknown> (./src/app/admin/layout.tsx:1:1)
    at <unknown> (./src/app/blog/layout.tsx:1:1)
    at <unknown> (./src/app/cgu/layout.tsx:1:1)
    at <unknown> (./src/app/checkout/layout.tsx:1:1)
    at <unknown> (./src/app/comparateur/layout.tsx:1:1)
    at <unknown> (./src/app/compte/layout.tsx:1:1)
    at <unknown> (./src/app/confidentialite/layout.tsx:1:1)
    at <unknown> (./src/app/connexion/layout.tsx:1:1)
    at <unknown> (./src/app/contact/layout.tsx:1:1)
    at <unknown> (./src/app/faq/layout.tsx:1:1)
    at <unknown> (./src/app/inscription/layout.tsx:1:1)
    at <unknown> (./src/app/livraison/layout.tsx:1:1)
    at <unknown> (./src/app/marques/layout.tsx:1:1)
    at <unknown> (./src/app/notifications/layout.tsx:1:1)
    at <unknown> (./src/app/nouveautes/layout.tsx:1:1)
    at <unknown> (./src/app/panier/layout.tsx:1:1)
    at <unknown> (./src/app/produits/layout.tsx:1:1)
    at <unknown> (./src/app/promotions/layout.tsx:1:1)
    at <unknown> (./src/app/vendeur/layout.tsx:1:1)
